  Determining projects to restore...
  All projects are up-to-date for restore.
C:\Program Files\dotnet\sdk\9.0.306\Microsoft.Common.CurrentVersion.targets(5932,5): warning MSB3061: Unable to delete file "C:\Users\user\OneDrive\Desktop\MMGC\server\bin\Debug\net9.0\server.exe". Access to the path 'C:\Users\user\OneDrive\Desktop\MMGC\server\bin\Debug\net9.0\server.exe' is denied. The file is locked by: "server (36168)" [C:\Users\user\OneDrive\Desktop\MMGC\server\server.csproj]
C:\Program Files\dotnet\sdk\9.0.306\Microsoft.Common.CurrentVersion.targets(5932,5): warning MSB3061: Unable to delete file "C:\Users\user\OneDrive\Desktop\MMGC\server\bin\Debug\net9.0\server.dll". Access to the path 'C:\Users\user\OneDrive\Desktop\MMGC\server\bin\Debug\net9.0\server.dll' is denied. The file is locked by: "server (36168)" [C:\Users\user\OneDrive\Desktop\MMGC\server\server.csproj]
C:\Program Files\dotnet\sdk\9.0.306\Microsoft.Common.CurrentVersion.targets(5932,5): warning MSB3061: Unable to delete file "C:\Users\user\OneDrive\Desktop\MMGC\server\bin\Debug\net9.0\Microsoft.EntityFrameworkCore.dll". Access to the path 'C:\Users\user\OneDrive\Desktop\MMGC\server\bin\Debug\net9.0\Microsoft.EntityFrameworkCore.dll' is denied. The file is locked by: "server (36168)" [C:\Users\user\OneDrive\Desktop\MMGC\server\server.csproj]
C:\Program Files\dotnet\sdk\9.0.306\Microsoft.Common.CurrentVersion.targets(5932,5): warning MSB3061: Unable to delete file "C:\Users\user\OneDrive\Desktop\MMGC\server\bin\Debug\net9.0\Microsoft.EntityFrameworkCore.Abstractions.dll". Access to the path 'C:\Users\user\OneDrive\Desktop\MMGC\server\bin\Debug\net9.0\Microsoft.EntityFrameworkCore.Abstractions.dll' is denied. The file is locked by: "server (36168)" [C:\Users\user\OneDrive\Desktop\MMGC\server\server.csproj]
C:\Program Files\dotnet\sdk\9.0.306\Microsoft.Common.CurrentVersion.targets(5932,5): warning MSB3061: Unable to delete file "C:\Users\user\OneDrive\Desktop\MMGC\server\bin\Debug\net9.0\Microsoft.EntityFrameworkCore.Relational.dll". Access to the path 'C:\Users\user\OneDrive\Desktop\MMGC\server\bin\Debug\net9.0\Microsoft.EntityFrameworkCore.Relational.dll' is denied. The file is locked by: "server (36168)" [C:\Users\user\OneDrive\Desktop\MMGC\server\server.csproj]
C:\Program Files\dotnet\sdk\9.0.306\Microsoft.Common.CurrentVersion.targets(5932,5): warning MSB3061: Unable to delete file "C:\Users\user\OneDrive\Desktop\MMGC\server\bin\Debug\net9.0\Microsoft.OpenApi.dll". Access to the path 'C:\Users\user\OneDrive\Desktop\MMGC\server\bin\Debug\net9.0\Microsoft.OpenApi.dll' is denied. The file is locked by: "server (36168)" [C:\Users\user\OneDrive\Desktop\MMGC\server\server.csproj]
C:\Program Files\dotnet\sdk\9.0.306\Microsoft.Common.CurrentVersion.targets(5932,5): warning MSB3061: Unable to delete file "C:\Users\user\OneDrive\Desktop\MMGC\server\bin\Debug\net9.0\Npgsql.dll". Access to the path 'C:\Users\user\OneDrive\Desktop\MMGC\server\bin\Debug\net9.0\Npgsql.dll' is denied. The file is locked by: "server (36168)" [C:\Users\user\OneDrive\Desktop\MMGC\server\server.csproj]
C:\Program Files\dotnet\sdk\9.0.306\Microsoft.Common.CurrentVersion.targets(5932,5): warning MSB3061: Unable to delete file "C:\Users\user\OneDrive\Desktop\MMGC\server\bin\Debug\net9.0\Npgsql.EntityFrameworkCore.PostgreSQL.dll". Access to the path 'C:\Users\user\OneDrive\Desktop\MMGC\server\bin\Debug\net9.0\Npgsql.EntityFrameworkCore.PostgreSQL.dll' is denied. The file is locked by: "server (36168)" [C:\Users\user\OneDrive\Desktop\MMGC\server\server.csproj]
C:\Program Files\dotnet\sdk\9.0.306\Microsoft.Common.CurrentVersion.targets(5932,5): warning MSB3061: Unable to delete file "C:\Users\user\OneDrive\Desktop\MMGC\server\bin\Debug\net9.0\Swashbuckle.AspNetCore.Swagger.dll". Access to the path 'C:\Users\user\OneDrive\Desktop\MMGC\server\bin\Debug\net9.0\Swashbuckle.AspNetCore.Swagger.dll' is denied. The file is locked by: "server (36168)" [C:\Users\user\OneDrive\Desktop\MMGC\server\server.csproj]
C:\Program Files\dotnet\sdk\9.0.306\Microsoft.Common.CurrentVersion.targets(5932,5): warning MSB3061: Unable to delete file "C:\Users\user\OneDrive\Desktop\MMGC\server\bin\Debug\net9.0\Swashbuckle.AspNetCore.SwaggerGen.dll". Access to the path 'C:\Users\user\OneDrive\Desktop\MMGC\server\bin\Debug\net9.0\Swashbuckle.AspNetCore.SwaggerGen.dll' is denied. The file is locked by: "server (36168)" [C:\Users\user\OneDrive\Desktop\MMGC\server\server.csproj]
C:\Program Files\dotnet\sdk\9.0.306\Microsoft.Common.CurrentVersion.targets(5932,5): warning MSB3061: Unable to delete file "C:\Users\user\OneDrive\Desktop\MMGC\server\bin\Debug\net9.0\Swashbuckle.AspNetCore.SwaggerUI.dll". Access to the path 'C:\Users\user\OneDrive\Desktop\MMGC\server\bin\Debug\net9.0\Swashbuckle.AspNetCore.SwaggerUI.dll' is denied. The file is locked by: "server (36168)" [C:\Users\user\OneDrive\Desktop\MMGC\server\server.csproj]
C:\Program Files\dotnet\sdk\9.0.306\Microsoft.Common.CurrentVersion.targets(5932,5): warning MSB3061: Unable to delete file "C:\Users\user\OneDrive\Desktop\MMGC\server\bin\Debug\net9.0\Google.Apis.Auth.dll". Access to the path 'C:\Users\user\OneDrive\Desktop\MMGC\server\bin\Debug\net9.0\Google.Apis.Auth.dll' is denied. The file is locked by: "server (36168)" [C:\Users\user\OneDrive\Desktop\MMGC\server\server.csproj]
C:\Program Files\dotnet\sdk\9.0.306\Microsoft.Common.CurrentVersion.targets(5932,5): warning MSB3061: Unable to delete file "C:\Users\user\OneDrive\Desktop\MMGC\server\bin\Debug\net9.0\Google.Apis.Core.dll". Access to the path 'C:\Users\user\OneDrive\Desktop\MMGC\server\bin\Debug\net9.0\Google.Apis.Core.dll' is denied. The file is locked by: "server (36168)" [C:\Users\user\OneDrive\Desktop\MMGC\server\server.csproj]
C:\Program Files\dotnet\sdk\9.0.306\Microsoft.Common.CurrentVersion.targets(5932,5): warning MSB3061: Unable to delete file "C:\Users\user\OneDrive\Desktop\MMGC\server\bin\Debug\net9.0\Newtonsoft.Json.dll". Access to the path 'C:\Users\user\OneDrive\Desktop\MMGC\server\bin\Debug\net9.0\Newtonsoft.Json.dll' is denied. The file is locked by: "server (36168)" [C:\Users\user\OneDrive\Desktop\MMGC\server\server.csproj]
C:\Program Files\dotnet\sdk\9.0.306\Microsoft.Common.CurrentVersion.targets(5932,5): warning MSB3061: Unable to delete file "C:\Users\user\OneDrive\Desktop\MMGC\server\bin\Debug\net9.0\Microsoft.AspNetCore.Authentication.JwtBearer.dll". Access to the path 'C:\Users\user\OneDrive\Desktop\MMGC\server\bin\Debug\net9.0\Microsoft.AspNetCore.Authentication.JwtBearer.dll' is denied. The file is locked by: "server (36168)" [C:\Users\user\OneDrive\Desktop\MMGC\server\server.csproj]
C:\Program Files\dotnet\sdk\9.0.306\Microsoft.Common.CurrentVersion.targets(5932,5): warning MSB3061: Unable to delete file "C:\Users\user\OneDrive\Desktop\MMGC\server\bin\Debug\net9.0\Microsoft.IdentityModel.Abstractions.dll". Access to the path 'C:\Users\user\OneDrive\Desktop\MMGC\server\bin\Debug\net9.0\Microsoft.IdentityModel.Abstractions.dll' is denied. The file is locked by: "server (36168)" [C:\Users\user\OneDrive\Desktop\MMGC\server\server.csproj]
C:\Program Files\dotnet\sdk\9.0.306\Microsoft.Common.CurrentVersion.targets(5932,5): warning MSB3061: Unable to delete file "C:\Users\user\OneDrive\Desktop\MMGC\server\bin\Debug\net9.0\Microsoft.IdentityModel.JsonWebTokens.dll". Access to the path 'C:\Users\user\OneDrive\Desktop\MMGC\server\bin\Debug\net9.0\Microsoft.IdentityModel.JsonWebTokens.dll' is denied. The file is locked by: "server (36168)" [C:\Users\user\OneDrive\Desktop\MMGC\server\server.csproj]
C:\Program Files\dotnet\sdk\9.0.306\Microsoft.Common.CurrentVersion.targets(5932,5): warning MSB3061: Unable to delete file "C:\Users\user\OneDrive\Desktop\MMGC\server\bin\Debug\net9.0\Microsoft.IdentityModel.Logging.dll". Access to the path 'C:\Users\user\OneDrive\Desktop\MMGC\server\bin\Debug\net9.0\Microsoft.IdentityModel.Logging.dll' is denied. The file is locked by: "server (36168)" [C:\Users\user\OneDrive\Desktop\MMGC\server\server.csproj]
C:\Program Files\dotnet\sdk\9.0.306\Microsoft.Common.CurrentVersion.targets(5932,5): warning MSB3061: Unable to delete file "C:\Users\user\OneDrive\Desktop\MMGC\server\bin\Debug\net9.0\Microsoft.IdentityModel.Protocols.dll". Access to the path 'C:\Users\user\OneDrive\Desktop\MMGC\server\bin\Debug\net9.0\Microsoft.IdentityModel.Protocols.dll' is denied. The file is locked by: "server (36168)" [C:\Users\user\OneDrive\Desktop\MMGC\server\server.csproj]
C:\Program Files\dotnet\sdk\9.0.306\Microsoft.Common.CurrentVersion.targets(5932,5): warning MSB3061: Unable to delete file "C:\Users\user\OneDrive\Desktop\MMGC\server\bin\Debug\net9.0\Microsoft.IdentityModel.Protocols.OpenIdConnect.dll". Access to the path 'C:\Users\user\OneDrive\Desktop\MMGC\server\bin\Debug\net9.0\Microsoft.IdentityModel.Protocols.OpenIdConnect.dll' is denied. The file is locked by: "server (36168)" [C:\Users\user\OneDrive\Desktop\MMGC\server\server.csproj]
C:\Program Files\dotnet\sdk\9.0.306\Microsoft.Common.CurrentVersion.targets(5932,5): warning MSB3061: Unable to delete file "C:\Users\user\OneDrive\Desktop\MMGC\server\bin\Debug\net9.0\Microsoft.IdentityModel.Tokens.dll". Access to the path 'C:\Users\user\OneDrive\Desktop\MMGC\server\bin\Debug\net9.0\Microsoft.IdentityModel.Tokens.dll' is denied. The file is locked by: "server (36168)" [C:\Users\user\OneDrive\Desktop\MMGC\server\server.csproj]
C:\Program Files\dotnet\sdk\9.0.306\Microsoft.Common.CurrentVersion.targets(5932,5): warning MSB3061: Unable to delete file "C:\Users\user\OneDrive\Desktop\MMGC\server\bin\Debug\net9.0\System.IdentityModel.Tokens.Jwt.dll". Access to the path 'C:\Users\user\OneDrive\Desktop\MMGC\server\bin\Debug\net9.0\System.IdentityModel.Tokens.Jwt.dll' is denied. The file is locked by: "server (36168)" [C:\Users\user\OneDrive\Desktop\MMGC\server\server.csproj]
C:\Users\user\OneDrive\Desktop\MMGC\server\Services\AuthService.cs(43,72): error CS0117: 'BCrypt' does not contain a definition for 'VerifyPassword' [C:\Users\user\OneDrive\Desktop\MMGC\server\server.csproj]
C:\Users\user\OneDrive\Desktop\MMGC\server\Program.cs(69,84): error CS0234: The type or namespace name 'Jwt' does not exist in the namespace 'Microsoft.IdentityModel.Tokens' (are you missing an assembly reference?) [C:\Users\user\OneDrive\Desktop\MMGC\server\server.csproj]
C:\Users\user\OneDrive\Desktop\MMGC\server\Controllers\DashboardController.cs(77,35): warning CS8602: Dereference of a possibly null reference. [C:\Users\user\OneDrive\Desktop\MMGC\server\server.csproj]
C:\Users\user\OneDrive\Desktop\MMGC\server\Controllers\ReportsController.cs(314,13): warning CS0618: 'ExcelPackage.LicenseContext' is obsolete: 'Please use the static 'ExcelPackage.License' property to set the required license information from EPPlus 8 and later versions. For more info see http://epplussoftware.com/developers/licensenotsetexception.' [C:\Users\user\OneDrive\Desktop\MMGC\server\server.csproj]
C:\Users\user\OneDrive\Desktop\MMGC\server\Controllers\ReportsController.cs(314,43): warning CS0618: 'LicenseContext' is obsolete: 'Used in versions prior to EPPlus 8. Will be removed in coming versions.' [C:\Users\user\OneDrive\Desktop\MMGC\server\server.csproj]

Build FAILED.

C:\Program Files\dotnet\sdk\9.0.306\Microsoft.Common.CurrentVersion.targets(5932,5): warning MSB3061: Unable to delete file "C:\Users\user\OneDrive\Desktop\MMGC\server\bin\Debug\net9.0\server.exe". Access to the path 'C:\Users\user\OneDrive\Desktop\MMGC\server\bin\Debug\net9.0\server.exe' is denied. The file is locked by: "server (36168)" [C:\Users\user\OneDrive\Desktop\MMGC\server\server.csproj]
C:\Program Files\dotnet\sdk\9.0.306\Microsoft.Common.CurrentVersion.targets(5932,5): warning MSB3061: Unable to delete file "C:\Users\user\OneDrive\Desktop\MMGC\server\bin\Debug\net9.0\server.dll". Access to the path 'C:\Users\user\OneDrive\Desktop\MMGC\server\bin\Debug\net9.0\server.dll' is denied. The file is locked by: "server (36168)" [C:\Users\user\OneDrive\Desktop\MMGC\server\server.csproj]
C:\Program Files\dotnet\sdk\9.0.306\Microsoft.Common.CurrentVersion.targets(5932,5): warning MSB3061: Unable to delete file "C:\Users\user\OneDrive\Desktop\MMGC\server\bin\Debug\net9.0\Microsoft.EntityFrameworkCore.dll". Access to the path 'C:\Users\user\OneDrive\Desktop\MMGC\server\bin\Debug\net9.0\Microsoft.EntityFrameworkCore.dll' is denied. The file is locked by: "server (36168)" [C:\Users\user\OneDrive\Desktop\MMGC\server\server.csproj]
C:\Program Files\dotnet\sdk\9.0.306\Microsoft.Common.CurrentVersion.targets(5932,5): warning MSB3061: Unable to delete file "C:\Users\user\OneDrive\Desktop\MMGC\server\bin\Debug\net9.0\Microsoft.EntityFrameworkCore.Abstractions.dll". Access to the path 'C:\Users\user\OneDrive\Desktop\MMGC\server\bin\Debug\net9.0\Microsoft.EntityFrameworkCore.Abstractions.dll' is denied. The file is locked by: "server (36168)" [C:\Users\user\OneDrive\Desktop\MMGC\server\server.csproj]
C:\Program Files\dotnet\sdk\9.0.306\Microsoft.Common.CurrentVersion.targets(5932,5): warning MSB3061: Unable to delete file "C:\Users\user\OneDrive\Desktop\MMGC\server\bin\Debug\net9.0\Microsoft.EntityFrameworkCore.Relational.dll". Access to the path 'C:\Users\user\OneDrive\Desktop\MMGC\server\bin\Debug\net9.0\Microsoft.EntityFrameworkCore.Relational.dll' is denied. The file is locked by: "server (36168)" [C:\Users\user\OneDrive\Desktop\MMGC\server\server.csproj]
C:\Program Files\dotnet\sdk\9.0.306\Microsoft.Common.CurrentVersion.targets(5932,5): warning MSB3061: Unable to delete file "C:\Users\user\OneDrive\Desktop\MMGC\server\bin\Debug\net9.0\Microsoft.OpenApi.dll". Access to the path 'C:\Users\user\OneDrive\Desktop\MMGC\server\bin\Debug\net9.0\Microsoft.OpenApi.dll' is denied. The file is locked by: "server (36168)" [C:\Users\user\OneDrive\Desktop\MMGC\server\server.csproj]
C:\Program Files\dotnet\sdk\9.0.306\Microsoft.Common.CurrentVersion.targets(5932,5): warning MSB3061: Unable to delete file "C:\Users\user\OneDrive\Desktop\MMGC\server\bin\Debug\net9.0\Npgsql.dll". Access to the path 'C:\Users\user\OneDrive\Desktop\MMGC\server\bin\Debug\net9.0\Npgsql.dll' is denied. The file is locked by: "server (36168)" [C:\Users\user\OneDrive\Desktop\MMGC\server\server.csproj]
C:\Program Files\dotnet\sdk\9.0.306\Microsoft.Common.CurrentVersion.targets(5932,5): warning MSB3061: Unable to delete file "C:\Users\user\OneDrive\Desktop\MMGC\server\bin\Debug\net9.0\Npgsql.EntityFrameworkCore.PostgreSQL.dll". Access to the path 'C:\Users\user\OneDrive\Desktop\MMGC\server\bin\Debug\net9.0\Npgsql.EntityFrameworkCore.PostgreSQL.dll' is denied. The file is locked by: "server (36168)" [C:\Users\user\OneDrive\Desktop\MMGC\server\server.csproj]
C:\Program Files\dotnet\sdk\9.0.306\Microsoft.Common.CurrentVersion.targets(5932,5): warning MSB3061: Unable to delete file "C:\Users\user\OneDrive\Desktop\MMGC\server\bin\Debug\net9.0\Swashbuckle.AspNetCore.Swagger.dll". Access to the path 'C:\Users\user\OneDrive\Desktop\MMGC\server\bin\Debug\net9.0\Swashbuckle.AspNetCore.Swagger.dll' is denied. The file is locked by: "server (36168)" [C:\Users\user\OneDrive\Desktop\MMGC\server\server.csproj]
C:\Program Files\dotnet\sdk\9.0.306\Microsoft.Common.CurrentVersion.targets(5932,5): warning MSB3061: Unable to delete file "C:\Users\user\OneDrive\Desktop\MMGC\server\bin\Debug\net9.0\Swashbuckle.AspNetCore.SwaggerGen.dll". Access to the path 'C:\Users\user\OneDrive\Desktop\MMGC\server\bin\Debug\net9.0\Swashbuckle.AspNetCore.SwaggerGen.dll' is denied. The file is locked by: "server (36168)" [C:\Users\user\OneDrive\Desktop\MMGC\server\server.csproj]
C:\Program Files\dotnet\sdk\9.0.306\Microsoft.Common.CurrentVersion.targets(5932,5): warning MSB3061: Unable to delete file "C:\Users\user\OneDrive\Desktop\MMGC\server\bin\Debug\net9.0\Swashbuckle.AspNetCore.SwaggerUI.dll". Access to the path 'C:\Users\user\OneDrive\Desktop\MMGC\server\bin\Debug\net9.0\Swashbuckle.AspNetCore.SwaggerUI.dll' is denied. The file is locked by: "server (36168)" [C:\Users\user\OneDrive\Desktop\MMGC\server\server.csproj]
C:\Program Files\dotnet\sdk\9.0.306\Microsoft.Common.CurrentVersion.targets(5932,5): warning MSB3061: Unable to delete file "C:\Users\user\OneDrive\Desktop\MMGC\server\bin\Debug\net9.0\Google.Apis.Auth.dll". Access to the path 'C:\Users\user\OneDrive\Desktop\MMGC\server\bin\Debug\net9.0\Google.Apis.Auth.dll' is denied. The file is locked by: "server (36168)" [C:\Users\user\OneDrive\Desktop\MMGC\server\server.csproj]
C:\Program Files\dotnet\sdk\9.0.306\Microsoft.Common.CurrentVersion.targets(5932,5): warning MSB3061: Unable to delete file "C:\Users\user\OneDrive\Desktop\MMGC\server\bin\Debug\net9.0\Google.Apis.Core.dll". Access to the path 'C:\Users\user\OneDrive\Desktop\MMGC\server\bin\Debug\net9.0\Google.Apis.Core.dll' is denied. The file is locked by: "server (36168)" [C:\Users\user\OneDrive\Desktop\MMGC\server\server.csproj]
C:\Program Files\dotnet\sdk\9.0.306\Microsoft.Common.CurrentVersion.targets(5932,5): warning MSB3061: Unable to delete file "C:\Users\user\OneDrive\Desktop\MMGC\server\bin\Debug\net9.0\Newtonsoft.Json.dll". Access to the path 'C:\Users\user\OneDrive\Desktop\MMGC\server\bin\Debug\net9.0\Newtonsoft.Json.dll' is denied. The file is locked by: "server (36168)" [C:\Users\user\OneDrive\Desktop\MMGC\server\server.csproj]
C:\Program Files\dotnet\sdk\9.0.306\Microsoft.Common.CurrentVersion.targets(5932,5): warning MSB3061: Unable to delete file "C:\Users\user\OneDrive\Desktop\MMGC\server\bin\Debug\net9.0\Microsoft.AspNetCore.Authentication.JwtBearer.dll". Access to the path 'C:\Users\user\OneDrive\Desktop\MMGC\server\bin\Debug\net9.0\Microsoft.AspNetCore.Authentication.JwtBearer.dll' is denied. The file is locked by: "server (36168)" [C:\Users\user\OneDrive\Desktop\MMGC\server\server.csproj]
C:\Program Files\dotnet\sdk\9.0.306\Microsoft.Common.CurrentVersion.targets(5932,5): warning MSB3061: Unable to delete file "C:\Users\user\OneDrive\Desktop\MMGC\server\bin\Debug\net9.0\Microsoft.IdentityModel.Abstractions.dll". Access to the path 'C:\Users\user\OneDrive\Desktop\MMGC\server\bin\Debug\net9.0\Microsoft.IdentityModel.Abstractions.dll' is denied. The file is locked by: "server (36168)" [C:\Users\user\OneDrive\Desktop\MMGC\server\server.csproj]
C:\Program Files\dotnet\sdk\9.0.306\Microsoft.Common.CurrentVersion.targets(5932,5): warning MSB3061: Unable to delete file "C:\Users\user\OneDrive\Desktop\MMGC\server\bin\Debug\net9.0\Microsoft.IdentityModel.JsonWebTokens.dll". Access to the path 'C:\Users\user\OneDrive\Desktop\MMGC\server\bin\Debug\net9.0\Microsoft.IdentityModel.JsonWebTokens.dll' is denied. The file is locked by: "server (36168)" [C:\Users\user\OneDrive\Desktop\MMGC\server\server.csproj]
C:\Program Files\dotnet\sdk\9.0.306\Microsoft.Common.CurrentVersion.targets(5932,5): warning MSB3061: Unable to delete file "C:\Users\user\OneDrive\Desktop\MMGC\server\bin\Debug\net9.0\Microsoft.IdentityModel.Logging.dll". Access to the path 'C:\Users\user\OneDrive\Desktop\MMGC\server\bin\Debug\net9.0\Microsoft.IdentityModel.Logging.dll' is denied. The file is locked by: "server (36168)" [C:\Users\user\OneDrive\Desktop\MMGC\server\server.csproj]
C:\Program Files\dotnet\sdk\9.0.306\Microsoft.Common.CurrentVersion.targets(5932,5): warning MSB3061: Unable to delete file "C:\Users\user\OneDrive\Desktop\MMGC\server\bin\Debug\net9.0\Microsoft.IdentityModel.Protocols.dll". Access to the path 'C:\Users\user\OneDrive\Desktop\MMGC\server\bin\Debug\net9.0\Microsoft.IdentityModel.Protocols.dll' is denied. The file is locked by: "server (36168)" [C:\Users\user\OneDrive\Desktop\MMGC\server\server.csproj]
C:\Program Files\dotnet\sdk\9.0.306\Microsoft.Common.CurrentVersion.targets(5932,5): warning MSB3061: Unable to delete file "C:\Users\user\OneDrive\Desktop\MMGC\server\bin\Debug\net9.0\Microsoft.IdentityModel.Protocols.OpenIdConnect.dll". Access to the path 'C:\Users\user\OneDrive\Desktop\MMGC\server\bin\Debug\net9.0\Microsoft.IdentityModel.Protocols.OpenIdConnect.dll' is denied. The file is locked by: "server (36168)" [C:\Users\user\OneDrive\Desktop\MMGC\server\server.csproj]
C:\Program Files\dotnet\sdk\9.0.306\Microsoft.Common.CurrentVersion.targets(5932,5): warning MSB3061: Unable to delete file "C:\Users\user\OneDrive\Desktop\MMGC\server\bin\Debug\net9.0\Microsoft.IdentityModel.Tokens.dll". Access to the path 'C:\Users\user\OneDrive\Desktop\MMGC\server\bin\Debug\net9.0\Microsoft.IdentityModel.Tokens.dll' is denied. The file is locked by: "server (36168)" [C:\Users\user\OneDrive\Desktop\MMGC\server\server.csproj]
C:\Program Files\dotnet\sdk\9.0.306\Microsoft.Common.CurrentVersion.targets(5932,5): warning MSB3061: Unable to delete file "C:\Users\user\OneDrive\Desktop\MMGC\server\bin\Debug\net9.0\System.IdentityModel.Tokens.Jwt.dll". Access to the path 'C:\Users\user\OneDrive\Desktop\MMGC\server\bin\Debug\net9.0\System.IdentityModel.Tokens.Jwt.dll' is denied. The file is locked by: "server (36168)" [C:\Users\user\OneDrive\Desktop\MMGC\server\server.csproj]
C:\Users\user\OneDrive\Desktop\MMGC\server\Controllers\DashboardController.cs(77,35): warning CS8602: Dereference of a possibly null reference. [C:\Users\user\OneDrive\Desktop\MMGC\server\server.csproj]
C:\Users\user\OneDrive\Desktop\MMGC\server\Controllers\ReportsController.cs(314,13): warning CS0618: 'ExcelPackage.LicenseContext' is obsolete: 'Please use the static 'ExcelPackage.License' property to set the required license information from EPPlus 8 and later versions. For more info see http://epplussoftware.com/developers/licensenotsetexception.' [C:\Users\user\OneDrive\Desktop\MMGC\server\server.csproj]
C:\Users\user\OneDrive\Desktop\MMGC\server\Controllers\ReportsController.cs(314,43): warning CS0618: 'LicenseContext' is obsolete: 'Used in versions prior to EPPlus 8. Will be removed in coming versions.' [C:\Users\user\OneDrive\Desktop\MMGC\server\server.csproj]
C:\Users\user\OneDrive\Desktop\MMGC\server\Services\AuthService.cs(43,72): error CS0117: 'BCrypt' does not contain a definition for 'VerifyPassword' [C:\Users\user\OneDrive\Desktop\MMGC\server\server.csproj]
C:\Users\user\OneDrive\Desktop\MMGC\server\Program.cs(69,84): error CS0234: The type or namespace name 'Jwt' does not exist in the namespace 'Microsoft.IdentityModel.Tokens' (are you missing an assembly reference?) [C:\Users\user\OneDrive\Desktop\MMGC\server\server.csproj]
    25 Warning(s)
    2 Error(s)

Time Elapsed 00:00:05.44
